#1 [internal] load local bake definitions
#1 reading from stdin 1.60kB done
#1 DONE 0.0s

#2 [internal] load build definition from Dockerfile
#2 transferring dockerfile: 272B 0.0s done
#2 DONE 0.1s

#3 [internal] load metadata for docker.io/library/python:3.12-slim
#3 ...

#4 [auth] library/python:pull token for registry-1.docker.io
#4 DONE 0.0s

#3 [internal] load metadata for docker.io/library/python:3.12-slim
#3 DONE 4.5s

#5 [internal] load .dockerignore
#5 transferring context: 187B 0.0s done
#5 DONE 0.0s

#6 [internal] load build context
#6 transferring context: 1.42kB 0.0s done
#6 DONE 0.1s

#7 [1/6] FROM docker.io/library/python:3.12-slim@sha256:2c941e860699f878900b0edc2403613c234d4b32eda3cc9fa7036991a2a63c4a
#7 resolve docker.io/library/python:3.12-slim@sha256:2c941e860699f878900b0edc2403613c234d4b32eda3cc9fa7036991a2a63c4a 0.1s done
#7 DONE 0.1s

#8 [2/6] WORKDIR /app
#8 CACHED

#9 [4/6] RUN pip install --upgrade pip
#9 CACHED

#10 [5/6] RUN pip install --no-cache-dir -r requirements.bot.txt
#10 CACHED

#11 [3/6] COPY src/requirements.bot.txt .
#11 CACHED

#12 [6/6] COPY src/ .
#12 CACHED

#13 exporting to image
#13 exporting layers done
#13 exporting manifest sha256:b52c1c26dc05b7a85cc53f4148ac2d3b1f7af61ac56294ad5caa6022982ff45d done
#13 exporting config sha256:a9847cef1cbf2d4065b55e939a0ac4da17a6d4d33f8173cf68d5b8768b5e6680 0.0s done
#13 exporting attestation manifest sha256:a93d7493618e001736ac7868eeffb68395df79695e0391e10f1b228ab05ffad4 0.1s done
#13 exporting manifest list sha256:23a7e5877989fb6bd387a22808deedebe9112b3c37ea2480b624459e946a6217
#13 exporting manifest list sha256:23a7e5877989fb6bd387a22808deedebe9112b3c37ea2480b624459e946a6217 0.0s done
#13 naming to docker.io/library/taxpal-taxpal-bot:latest done
#13 unpacking to docker.io/library/taxpal-taxpal-bot:latest 0.0s done
#13 DONE 0.4s

#14 resolving provenance for metadata file
#14 DONE 0.1s
